// Jest Snapshot v1, https://goo.gl/fbAQLP

exports[`Test EventsHeader should render properly 1`] = `
ShallowWrapper {
  "length": 1,
  Symbol(enzyme.__root__): [Circular],
  Symbol(enzyme.__unrendered__): <EventsHeader
    headerText="Events"
    rightText="Selection"
  />,
  Symbol(enzyme.__renderer__): Object {
    "batchedUpdates": [Function],
    "getNode": [Function],
    "render": [Function],
    "simulateEvent": [Function],
    "unmount": [Function],
  },
  Symbol(enzyme.__node__): Object {
    "instance": null,
    "key": undefined,
    "nodeType": "class",
    "props": Object {
      "children": Array [
        <Text
          accessible={true}
          allowFontScaling={true}
          ellipsizeMode="tail"
          style={
            Object {
              "flex": 60,
              "fontSize": 20,
              "justifyContent": "center",
              "marginLeft": 20,
            }
          }
        >
          Events
        </Text>,
        <View
          style={
            Object {
              "flex": 40,
            }
          }
        >
          Selection
        </View>,
      ],
      "style": Object {
        "alignItems": "center",
        "backgroundColor": "#F8F8F8",
        "elevation": 2,
        "flexDirection": "row",
        "height": 60,
        "justifyContent": "flex-start",
        "paddingTop": 15,
        "position": "relative",
        "shadowColor": "#000",
        "shadowOffset": Object {
          "height": 2,
          "width": 0,
        },
        "shadowOpacity": 0.2,
      },
    },
    "ref": null,
    "rendered": Array [
      Object {
        "instance": null,
        "key": undefined,
        "nodeType": "class",
        "props": Object {
          "accessible": true,
          "allowFontScaling": true,
          "children": "Events",
          "ellipsizeMode": "tail",
          "style": Object {
            "flex": 60,
            "fontSize": 20,
            "justifyContent": "center",
            "marginLeft": 20,
          },
        },
        "ref": null,
        "rendered": "Events",
        "type": [Function],
      },
      Object {
        "instance": null,
        "key": undefined,
        "nodeType": "class",
        "props": Object {
          "children": "Selection",
          "style": Object {
            "flex": 40,
          },
        },
        "ref": null,
        "rendered": "Selection",
        "type": [Function],
      },
    ],
    "type": [Function],
  },
  Symbol(enzyme.__nodes__): Array [
    Object {
      "instance": null,
      "key": undefined,
      "nodeType": "class",
      "props": Object {
        "children": Array [
          <Text
            accessible={true}
            allowFontScaling={true}
            ellipsizeMode="tail"
            style={
              Object {
                "flex": 60,
                "fontSize": 20,
                "justifyContent": "center",
                "marginLeft": 20,
              }
            }
          >
            Events
          </Text>,
          <View
            style={
              Object {
                "flex": 40,
              }
            }
          >
            Selection
          </View>,
        ],
        "style": Object {
          "alignItems": "center",
          "backgroundColor": "#F8F8F8",
          "elevation": 2,
          "flexDirection": "row",
          "height": 60,
          "justifyContent": "flex-start",
          "paddingTop": 15,
          "position": "relative",
          "shadowColor": "#000",
          "shadowOffset": Object {
            "height": 2,
            "width": 0,
          },
          "shadowOpacity": 0.2,
        },
      },
      "ref": null,
      "rendered": Array [
        Object {
          "instance": null,
          "key": undefined,
          "nodeType": "class",
          "props": Object {
            "accessible": true,
            "allowFontScaling": true,
            "children": "Events",
            "ellipsizeMode": "tail",
            "style": Object {
              "flex": 60,
              "fontSize": 20,
              "justifyContent": "center",
              "marginLeft": 20,
            },
          },
          "ref": null,
          "rendered": "Events",
          "type": [Function],
        },
        Object {
          "instance": null,
          "key": undefined,
          "nodeType": "class",
          "props": Object {
            "children": "Selection",
            "style": Object {
              "flex": 40,
            },
          },
          "ref": null,
          "rendered": "Selection",
          "type": [Function],
        },
      ],
      "type": [Function],
    },
  ],
  Symbol(enzyme.__options__): Object {
    "adapter": ReactSixteenAdapter {
      "options": Object {
        "enableComponentDidUpdateOnSetState": true,
      },
    },
  },
}
`;
